{
  "data": {
    "customer": {
      "name": "Wiza and Sons",
      "location": "Iran"
    }
  }
}
