// Jest Snapshot v1, https://goo.gl/fbAQLP

exports[`Home renders without errors 1`] = `
<div>
  <div
    class="jumbotron"
  >
    <h1>
      Willkommen!
    </h1>
    <p
      class="lead"
    >
      Sch√∂n, dass Sie customer-app aufgerufen haben.
    </p>
    <hr
      class="my-4"
    />
    <p>
      Verwalten Sie Ihre Kunden wie noch nie zuvor. Dank React im Frontend und .NET Core im Backend.
    </p>
    <p
      class="lead"
    >
      <button
        class="btn btn-primary btn-lg"
        type="button"
      >
        Zur Kundenliste
      </button>
    </p>
  </div>
</div>
`;
