// Jest Snapshot v1, https://goo.gl/fbAQLP

exports[`CustomerCard renders without errors 1`] = `
<div>
  <div
    class="card card"
  >
    <div
      class="font-weight-bold card-header"
    >
      Microsoft
    </div>
    <div
      class="list-group list-group-flush"
    >
      <div
        class="list-group-item"
      >
        <span
          class="text-muted"
        >
          #
        </span>
         
        1
      </div>
      <div
        class="list-group-item"
      >
        <span
          class="text-muted"
        >
          Location
        </span>
         
        USA
      </div>
    </div>
    <div
      class="d-flex card-body"
    >
      <button
        class="btn btn-secondary"
        type="button"
      >
        Ã–ffnen
      </button>
    </div>
  </div>
</div>
`;
