// Jest Snapshot v1, https://goo.gl/fbAQLP

exports[`CustomerDetails renders edit form correctly 1`] = `
<div>
  <div
    class="fade alert alert-info show"
    role="alert"
  >
    <div
      class="spinner-border"
      role="status"
    >
      <span
        class="sr-only"
      >
        Kunde wird geladen...
      </span>
    </div>
  </div>
</div>
`;

exports[`CustomerDetails renders insert form correctly 1`] = `
<div>
  <div
    class="fade alert alert-info show"
    role="alert"
  >
    <div
      class="spinner-border"
      role="status"
    >
      <span
        class="sr-only"
      >
        Kunde wird geladen...
      </span>
    </div>
  </div>
</div>
`;

exports[`CustomerDetails renders loading state correctly 1`] = `
<div>
  <div
    class="fade alert alert-info show"
    role="alert"
  >
    <div
      class="spinner-border"
      role="status"
    >
      <span
        class="sr-only"
      >
        Kunde wird geladen...
      </span>
    </div>
  </div>
</div>
`;
