// Jest Snapshot v1, https://goo.gl/fbAQLP

exports[`Header renders without errors 1`] = `
<div>
  <header>
    <nav
      class="navbar navbar-expand-md navbar-dark bg-dark fixed-top"
    >
      <span
        class="navbar-brand"
      >
        Customer App
      </span>
      <button
        aria-controls="responsive-navbar-nav"
        aria-label="Toggle navigation"
        class="navbar-toggler collapsed"
        type="button"
      >
        <span
          class="navbar-toggler-icon"
        />
      </button>
      <div
        class="navbar-collapse collapse"
        id="responsive-navbar-nav"
      >
        <div
          class="mr-auto navbar-nav"
        >
          <div
            class="dropdown nav-item"
          >
            <a
              aria-expanded="false"
              aria-haspopup="true"
              class="dropdown-toggle nav-link"
              href="#"
              role="button"
            >
              Kunden
            </a>
          </div>
        </div>
        <div
          class="navbar-nav"
        />
      </div>
    </nav>
  </header>
</div>
`;
