// Jest Snapshot v1, https://goo.gl/fbAQLP

exports[`LinkButton renders without errors 1`] = `
<div>
  <button
    class="btn btn-primary"
    type="button"
  />
</div>
`;
