// Jest Snapshot v1, https://goo.gl/fbAQLP

exports[`CustomerDetailsPage renders without errors 1`] = `
<div>
  <div
    class="container"
  >
    <div
      class="py-3 row"
    >
      <div
        class="col"
      >
        <div
          class="fade alert alert-info show"
          role="alert"
        >
          <div
            class="spinner-border"
            role="status"
          >
            <span
              class="sr-only"
            >
              Kunde wird geladen...
            </span>
          </div>
        </div>
      </div>
    </div>
  </div>
</div>
`;
